Archive member included to satisfy reference by file (symbol)

C:/devkitPro/libgba/lib\libgba.a(input.o)
                              build/main.o (scanKeys)
C:/devkitPro/libgba/lib\libgba.a(interrupt.o)
                              build/main.o (irqInit)
C:/devkitPro/libgba/lib\libgba.a(InterruptDispatcher.o)
                              C:/devkitPro/libgba/lib\libgba.a(interrupt.o) (IntrMain)
C:/devkitPro/devkitARM/bin/../lib/gcc/arm-none-eabi/16.1.0/thumb\libgcc.a(_udivsi3.o)
                              build/main.o (__aeabi_uidivmod)
C:/devkitPro/devkitARM/bin/../lib/gcc/arm-none-eabi/16.1.0/thumb\libgcc.a(_divsi3.o)
                              build/main.o (__aeabi_idivmod)
C:/devkitPro/devkitARM/bin/../lib/gcc/arm-none-eabi/16.1.0/thumb\libgcc.a(_dvmd_tls.o)
                              C:/devkitPro/devkitARM/bin/../lib/gcc/arm-none-eabi/16.1.0/thumb\libgcc.a(_udivsi3.o) (__aeabi_idiv0)
C:/devkitPro/devkitARM/bin/../lib/gcc/arm-none-eabi/16.1.0/thumb\libgcc.a(_sync_none.o)
                              (__sync_synchronize_none)
C:/devkitPro/devkitARM/bin/../lib/gcc/arm-none-eabi/16.1.0/../../../../arm-none-eabi/lib/thumb\libc.a(libc_a-init.o)
                              C:/devkitPro/devkitARM/bin/../lib/gcc/arm-none-eabi/16.1.0/../../../../arm-none-eabi/lib/thumb/gba_crt0.o (__libc_init_array)
C:/devkitPro/devkitARM/bin/../lib/gcc/arm-none-eabi/16.1.0/../../../../arm-none-eabi/lib/thumb\libsysbase.a(libsysbase_libsysbase_a-malloc_vars.o)
                              C:/devkitPro/devkitARM/bin/../lib/gcc/arm-none-eabi/16.1.0/../../../../arm-none-eabi/lib/thumb/gba_crt0.o (fake_heap_end)

Merging object attributes


Discarded input sections

 .text          0x00000000        0x0 C:/devkitPro/devkitARM/bin/../lib/gcc/arm-none-eabi/16.1.0/../../../../arm-none-eabi/lib/thumb/gba_crt0.o
 .data          0x00000000        0x0 C:/devkitPro/devkitARM/bin/../lib/gcc/arm-none-eabi/16.1.0/../../../../arm-none-eabi/lib/thumb/gba_crt0.o
 .bss           0x00000000        0x0 C:/devkitPro/devkitARM/bin/../lib/gcc/arm-none-eabi/16.1.0/../../../../arm-none-eabi/lib/thumb/gba_crt0.o
 .text          0x00000000        0x0 C:/devkitPro/devkitARM/bin/../lib/gcc/arm-none-eabi/16.1.0/thumb/crti.o
 .data          0x00000000        0x0 C:/devkitPro/devkitARM/bin/../lib/gcc/arm-none-eabi/16.1.0/thumb/crti.o
 .bss           0x00000000        0x0 C:/devkitPro/devkitARM/bin/../lib/gcc/arm-none-eabi/16.1.0/thumb/crti.o
 .text          0x00000000        0x0 C:/devkitPro/devkitARM/bin/../lib/gcc/arm-none-eabi/16.1.0/thumb/crtbegin.o
 .data          0x00000000        0x0 C:/devkitPro/devkitARM/bin/../lib/gcc/arm-none-eabi/16.1.0/thumb/crtbegin.o
 .bss           0x00000000        0x0 C:/devkitPro/devkitARM/bin/../lib/gcc/arm-none-eabi/16.1.0/thumb/crtbegin.o
 .rodata.all_implied_fbits
                0x00000000       0x24 C:/devkitPro/devkitARM/bin/../lib/gcc/arm-none-eabi/16.1.0/thumb/crtbegin.o
 .data.__dso_handle
                0x00000000        0x4 C:/devkitPro/devkitARM/bin/../lib/gcc/arm-none-eabi/16.1.0/thumb/crtbegin.o
 .data          0x00000000        0x0 build/main.o
 .text          0x00000000        0x0 build/BIGJUMP.o
 .data          0x00000000        0x0 build/BIGJUMP.o
 .bss           0x00000000        0x0 build/BIGJUMP.o
 .rodata.BIGJUMP_wav
                0x00000000    0x15620 build/BIGJUMP.o
 .note.GNU-stack
                0x00000000        0x0 build/BIGJUMP.o
 .text          0x00000000        0x0 build/Hat.o
 .data          0x00000000        0x0 build/Hat.o
 .bss           0x00000000        0x0 build/Hat.o
 .note.GNU-stack
                0x00000000        0x0 build/Hat.o
 .text          0x00000000        0x0 build/death.o
 .data          0x00000000        0x0 build/death.o
 .bss           0x00000000        0x0 build/death.o
 .note.GNU-stack
                0x00000000        0x0 build/death.o
 .text          0x00000000        0x0 build/jump.o
 .data          0x00000000        0x0 build/jump.o
 .bss           0x00000000        0x0 build/jump.o
 .note.GNU-stack
                0x00000000        0x0 build/jump.o
 .text          0x00000000        0x0 build/ingame.img.o
 .data          0x00000000        0x0 build/ingame.img.o
 .bss           0x00000000        0x0 build/ingame.img.o
 .note.GNU-stack
                0x00000000        0x0 build/ingame.img.o
 .text          0x00000000        0x0 build/ingame.pal.o
 .data          0x00000000        0x0 build/ingame.pal.o
 .bss           0x00000000        0x0 build/ingame.pal.o
 .note.GNU-stack
                0x00000000        0x0 build/ingame.pal.o
 .data          0x00000000        0x0 C:/devkitPro/libgba/lib\libgba.a(interrupt.o)
 .text          0x00000000        0x0 C:/devkitPro/libgba/lib\libgba.a(InterruptDispatcher.o)
 .data          0x00000000        0x0 C:/devkitPro/libgba/lib\libgba.a(InterruptDispatcher.o)
 .bss           0x00000000        0x0 C:/devkitPro/libgba/lib\libgba.a(InterruptDispatcher.o)
 .data          0x00000000        0x0 C:/devkitPro/devkitARM/bin/../lib/gcc/arm-none-eabi/16.1.0/thumb\libgcc.a(_udivsi3.o)
 .bss           0x00000000        0x0 C:/devkitPro/devkitARM/bin/../lib/gcc/arm-none-eabi/16.1.0/thumb\libgcc.a(_udivsi3.o)
 .data          0x00000000        0x0 C:/devkitPro/devkitARM/bin/../lib/gcc/arm-none-eabi/16.1.0/thumb\libgcc.a(_divsi3.o)
 .bss           0x00000000        0x0 C:/devkitPro/devkitARM/bin/../lib/gcc/arm-none-eabi/16.1.0/thumb\libgcc.a(_divsi3.o)
 .data          0x00000000        0x0 C:/devkitPro/devkitARM/bin/../lib/gcc/arm-none-eabi/16.1.0/thumb\libgcc.a(_dvmd_tls.o)
 .bss           0x00000000        0x0 C:/devkitPro/devkitARM/bin/../lib/gcc/arm-none-eabi/16.1.0/thumb\libgcc.a(_dvmd_tls.o)
 .text          0x00000000        0x4 C:/devkitPro/devkitARM/bin/../lib/gcc/arm-none-eabi/16.1.0/thumb\libgcc.a(_sync_none.o)
 .data          0x00000000        0x0 C:/devkitPro/devkitARM/bin/../lib/gcc/arm-none-eabi/16.1.0/thumb\libgcc.a(_sync_none.o)
 .bss           0x00000000        0x0 C:/devkitPro/devkitARM/bin/../lib/gcc/arm-none-eabi/16.1.0/thumb\libgcc.a(_sync_none.o)
 .debug_line    0x00000000       0x4a C:/devkitPro/devkitARM/bin/../lib/gcc/arm-none-eabi/16.1.0/thumb\libgcc.a(_sync_none.o)
 .debug_line_str
                0x00000000       0xcd C:/devkitPro/devkitARM/bin/../lib/gcc/arm-none-eabi/16.1.0/thumb\libgcc.a(_sync_none.o)
 .debug_info    0x00000000       0x31 C:/devkitPro/devkitARM/bin/../lib/gcc/arm-none-eabi/16.1.0/thumb\libgcc.a(_sync_none.o)
 .debug_abbrev  0x00000000       0x28 C:/devkitPro/devkitARM/bin/../lib/gcc/arm-none-eabi/16.1.0/thumb\libgcc.a(_sync_none.o)
 .debug_aranges
                0x00000000       0x20 C:/devkitPro/devkitARM/bin/../lib/gcc/arm-none-eabi/16.1.0/thumb\libgcc.a(_sync_none.o)
 .debug_str     0x00000000       0xf3 C:/devkitPro/devkitARM/bin/../lib/gcc/arm-none-eabi/16.1.0/thumb\libgcc.a(_sync_none.o)
 .text          0x00000000        0x0 C:/devkitPro/devkitARM/bin/../lib/gcc/arm-none-eabi/16.1.0/../../../../arm-none-eabi/lib/thumb\libc.a(libc_a-init.o)
 .data          0x00000000        0x0 C:/devkitPro/devkitARM/bin/../lib/gcc/arm-none-eabi/16.1.0/../../../../arm-none-eabi/lib/thumb\libc.a(libc_a-init.o)
 .bss           0x00000000        0x0 C:/devkitPro/devkitARM/bin/../lib/gcc/arm-none-eabi/16.1.0/../../../../arm-none-eabi/lib/thumb\libc.a(libc_a-init.o)
 .text          0x00000000        0x0 C:/devkitPro/devkitARM/bin/../lib/gcc/arm-none-eabi/16.1.0/../../../../arm-none-eabi/lib/thumb\libsysbase.a(libsysbase_libsysbase_a-malloc_vars.o)
 .data          0x00000000        0x0 C:/devkitPro/devkitARM/bin/../lib/gcc/arm-none-eabi/16.1.0/../../../../arm-none-eabi/lib/thumb\libsysbase.a(libsysbase_libsysbase_a-malloc_vars.o)
 .bss           0x00000000        0x0 C:/devkitPro/devkitARM/bin/../lib/gcc/arm-none-eabi/16.1.0/../../../../arm-none-eabi/lib/thumb\libsysbase.a(libsysbase_libsysbase_a-malloc_vars.o)
 .bss.fake_heap_start
                0x00000000        0x4 C:/devkitPro/devkitARM/bin/../lib/gcc/arm-none-eabi/16.1.0/../../../../arm-none-eabi/lib/thumb\libsysbase.a(libsysbase_libsysbase_a-malloc_vars.o)
 .text          0x00000000        0x0 C:/devkitPro/devkitARM/bin/../lib/gcc/arm-none-eabi/16.1.0/thumb/crtend.o
 .data          0x00000000        0x0 C:/devkitPro/devkitARM/bin/../lib/gcc/arm-none-eabi/16.1.0/thumb/crtend.o
 .bss           0x00000000        0x0 C:/devkitPro/devkitARM/bin/../lib/gcc/arm-none-eabi/16.1.0/thumb/crtend.o
 .rodata.all_implied_fbits
                0x00000000       0x24 C:/devkitPro/devkitARM/bin/../lib/gcc/arm-none-eabi/16.1.0/thumb/crtend.o
 .text          0x00000000        0x0 C:/devkitPro/devkitARM/bin/../lib/gcc/arm-none-eabi/16.1.0/thumb/crtn.o
 .data          0x00000000        0x0 C:/devkitPro/devkitARM/bin/../lib/gcc/arm-none-eabi/16.1.0/thumb/crtn.o
 .bss           0x00000000        0x0 C:/devkitPro/devkitARM/bin/../lib/gcc/arm-none-eabi/16.1.0/thumb/crtn.o

Memory Configuration

Name             Origin             Length             Attributes
rom              0x08000000         0x02000000
iwram            0x03000000         0x00008000
ewram            0x02000000         0x00040000
*default*        0x00000000         0xffffffff

Linker script and memory map

                0x00000000                        __sync_synchronize = __sync_synchronize_none
                0x08000000                        __text_start = ORIGIN (rom)
                0x02040000                        __eheap_end = (ORIGIN (ewram) + LENGTH (ewram))
                0x03000000                        __iwram_start = ORIGIN (iwram)
                0x03008000                        __iwram_top = (ORIGIN (iwram) + LENGTH (iwram))
                0x03007fa0                        __sp_irq = (__iwram_top - 0x60)
                0x03007f00                        __sp_usr = (__sp_irq - 0xa0)
                0x03007ff8                        __irq_flags = 0x3007ff8
                0x08000000                        . = __text_start

.crt0           0x08000000      0x210
 *(.crt0)
 .crt0          0x08000000      0x210 C:/devkitPro/devkitARM/bin/../lib/gcc/arm-none-eabi/16.1.0/../../../../arm-none-eabi/lib/thumb/gba_crt0.o
                0x08000000                _start
                0x080000c4                __boot_method
                0x080000c5                __slave_number
                0x080000e0                start_vector
                0x08000210                        . = ALIGN (0x4)

.init           0x08000210        0xc
 *(SORT_NONE(.init))
 .init          0x08000210        0x4 C:/devkitPro/devkitARM/bin/../lib/gcc/arm-none-eabi/16.1.0/thumb/crti.o
                0x08000210                _init
 .init          0x08000214        0x8 C:/devkitPro/devkitARM/bin/../lib/gcc/arm-none-eabi/16.1.0/thumb/crtn.o

.plt            0x0800021c        0x0
 *(.plt)
                0x0800021c                        . = ALIGN (0x4)

.text           0x08000220      0xd90
 *(EXCLUDE_FILE(*.iwram*) .text*)
 .text.__do_global_dtors_aux
                0x08000220       0x2c C:/devkitPro/devkitARM/bin/../lib/gcc/arm-none-eabi/16.1.0/thumb/crtbegin.o
 .text.frame_dummy
                0x0800024c       0x24 C:/devkitPro/devkitARM/bin/../lib/gcc/arm-none-eabi/16.1.0/thumb/crtbegin.o
 .text          0x08000270      0x518 build/main.o
                0x08000270                load_sprite_palette
                0x080002a8                init_sound
                0x080002cc                play_sfx_wav16
                0x08000348                update_oam
                0x08000484                init_game
                0x08000524                process_input
                0x08000590                update_game
 .text.startup  0x08000788       0xbc build/main.o
                0x08000788                main
 .text          0x08000844       0xc0 C:/devkitPro/libgba/lib\libgba.a(input.o)
                0x08000844                setRepeat
                0x08000850                scanKeys
                0x080008c8                keysDownRepeat
                0x080008d8                keysDown
                0x080008e8                keysUp
                0x080008f8                keysHeld
 .text          0x08000904      0x3c4 C:/devkitPro/libgba/lib\libgba.a(interrupt.o)
                0x08000904                dummy
                0x08000908                InitInterrupt
                0x08000964                irqInit
                0x080009c0                SetInterrupt
                0x08000aa8                irqSet
                0x08000b90                EnableInterrupt
                0x08000bdc                irqEnable
                0x08000c30                DisableInterrupt
                0x08000c7c                irqDisable
 .text          0x08000cc8      0x11c C:/devkitPro/devkitARM/bin/../lib/gcc/arm-none-eabi/16.1.0/thumb\libgcc.a(_udivsi3.o)
                0x08000cc8                __aeabi_uidiv
                0x08000cc8                __udivsi3
                0x08000dc4                __aeabi_uidivmod
 .text          0x08000de4      0x150 C:/devkitPro/devkitARM/bin/../lib/gcc/arm-none-eabi/16.1.0/thumb\libgcc.a(_divsi3.o)
                0x08000de4                __divsi3
                0x08000de4                __aeabi_idiv
                0x08000f14                __aeabi_idivmod
 .text          0x08000f34        0x4 C:/devkitPro/devkitARM/bin/../lib/gcc/arm-none-eabi/16.1.0/thumb\libgcc.a(_dvmd_tls.o)
                0x08000f34                __aeabi_idiv0
                0x08000f34                __aeabi_ldiv0
 .text.__libc_init_array
                0x08000f38       0x54 C:/devkitPro/devkitARM/bin/../lib/gcc/arm-none-eabi/16.1.0/../../../../arm-none-eabi/lib/thumb\libc.a(libc_a-init.o)
                0x08000f38                __libc_init_array
 *fill*         0x08000f8c        0x4 ff
 .text.__libc_init_array.__stub
                0x08000f90       0x1c linker stubs
 *(.gnu.linkonce.t.*)
 *(.text.*personality*)
 *(.gnu.warning)
 *(.glue_7t)
 .glue_7t       0x08000fac        0x0 linker stubs
 *(.glue_7)
 .glue_7        0x08000fac        0x0 linker stubs
 *(.vfp11_veneer)
 .vfp11_veneer  0x08000fac        0x0 linker stubs
                0x08000fac                        . = ALIGN (0x4)
                0x08000fb0                        __text_end = .

.v4_bx          0x08000fb0        0x0
 .v4_bx         0x08000fb0        0x0 linker stubs

.iplt           0x08000fb0        0x0
 .iplt          0x08000fb0        0x0 C:/devkitPro/devkitARM/bin/../lib/gcc/arm-none-eabi/16.1.0/../../../../arm-none-eabi/lib/thumb/gba_crt0.o

.fini           0x08000fb0        0xc
 *(.fini)
 .fini          0x08000fb0        0x4 C:/devkitPro/devkitARM/bin/../lib/gcc/arm-none-eabi/16.1.0/thumb/crti.o
                0x08000fb0                _fini
 .fini          0x08000fb4        0x8 C:/devkitPro/devkitARM/bin/../lib/gcc/arm-none-eabi/16.1.0/thumb/crtn.o
                0x08000fbc                        . = ALIGN (0x4)

.rodata         0x08000fbc    0x41d94
 *(.rodata)
 *all.rodata*(*)
 *(.roda)
 *(.rodata.*)
 .rodata.Hat_wav
                0x08000fbc    0x11a40 build/Hat.o
                0x08000fbc                Hat_wav
                0x080129f6                Hat_wav_end
                0x080129f8                Hat_wav_size
 .rodata.death_wav
                0x080129fc    0x27838 build/death.o
                0x080129fc                death_wav
                0x0803a230                death_wav_size
                0x0803a230                death_wav_end
 .rodata.jump_wav
                0x0803a234     0x8114 build/jump.o
                0x0803a234                jump_wav
                0x08042344                jump_wav_end
                0x08042344                jump_wav_size
 .rodata.ingame_img_bin
                0x08042348      0x804 build/ingame.img.o
                0x08042348                ingame_img_bin
                0x08042b48                ingame_img_bin_end
                0x08042b48                ingame_img_bin_size
 .rodata.ingame_pal_bin
                0x08042b4c      0x204 build/ingame.pal.o
                0x08042b4c                ingame_pal_bin
                0x08042d4c                ingame_pal_bin_end
                0x08042d4c                ingame_pal_bin_size
 *(.gnu.linkonce.r*)
                0x08042d50                        . = ALIGN (0x4)

.ARM.extab
 *(.ARM.extab* .gnu.linkonce.armextab.*)
                0x08042d50                        __exidx_start = .

.ARM.exidx
 *(.ARM.exidx* .gnu.linkonce.armexidx.*)
                0x08042d50                        __exidx_end = .

.ctors          0x08042d50        0x0
 *crtbegin.o(.ctors)
 *(EXCLUDE_FILE(*crtend.o) .ctors)
 *(SORT_BY_NAME(.ctors.*))
 *(.ctors)
                0x08042d50                        . = ALIGN (0x4)

.dtors          0x08042d50        0x0
 *crtbegin.o(.dtors)
 *(EXCLUDE_FILE(*crtend.o) .dtors)
 *(SORT_BY_NAME(.dtors.*))
 *(.dtors)
                0x08042d50                        . = ALIGN (0x4)

.eh_frame       0x08042d50        0x4
 *(.eh_frame)
 .eh_frame      0x08042d50        0x0 C:/devkitPro/devkitARM/bin/../lib/gcc/arm-none-eabi/16.1.0/thumb/crtbegin.o
 .eh_frame      0x08042d50        0x4 C:/devkitPro/devkitARM/bin/../lib/gcc/arm-none-eabi/16.1.0/thumb/crtend.o
                0x08042d54                        . = ALIGN (0x4)

.gcc_except_table
                0x08042d54        0x0
 *(.gcc_except_table)
                0x08042d54                        . = ALIGN (0x4)
                0x08042d54                        __iwram_lma = .

.iwram          0x03000000       0xb8 load address 0x08042d54
                0x03000000                        __iwram_start__ = ABSOLUTE (.)
 *(.iwram .iwram*)
 .iwram         0x03000000       0xb8 C:/devkitPro/libgba/lib\libgba.a(InterruptDispatcher.o)
                0x03000000                IntrMain
 *iwram.*(.text* .data*)
                0x030000b8                        . = ALIGN (0x4)
                0x030000b8                        __iwram_end__ = ABSOLUTE (.)
                0x08042e0c                        __data_lma = (__iwram_lma + SIZEOF (.iwram))

.bss            0x030000b8      0xd08
                0x030000b8                        __bss_start = ABSOLUTE (.)
                0x030000b8                        __bss_start__ = ABSOLUTE (.)
 *(.dynbss)
 *(.gnu.linkonce.b*)
 *(.bss*)
 .bss.completed.1
                0x030000b8        0x1 C:/devkitPro/devkitARM/bin/../lib/gcc/arm-none-eabi/16.1.0/thumb/crtbegin.o
 *fill*         0x030000b9        0x3 
 .bss.object.0  0x030000bc       0x18 C:/devkitPro/devkitARM/bin/../lib/gcc/arm-none-eabi/16.1.0/thumb/crtbegin.o
 *fill*         0x030000d4        0x4 
 .bss           0x030000d8      0xc60 build/main.o
 .bss           0x03000d38        0xa C:/devkitPro/libgba/lib\libgba.a(input.o)
 *fill*         0x03000d42        0x2 
 .bss           0x03000d44       0x78 C:/devkitPro/libgba/lib\libgba.a(interrupt.o)
                0x03000d44                IntrTable
 .bss.fake_heap_end
                0x03000dbc        0x4 C:/devkitPro/devkitARM/bin/../lib/gcc/arm-none-eabi/16.1.0/../../../../arm-none-eabi/lib/thumb\libsysbase.a(libsysbase_libsysbase_a-malloc_vars.o)
                0x03000dbc                fake_heap_end
 *(COMMON)
                0x03000dc0                        . = ALIGN (0x4)
                0x03000dc0                        __bss_end__ = ABSOLUTE (.)

.data           0x03000dc0        0x4 load address 0x08042e0c
                0x03000dc0                        __data_start__ = ABSOLUTE (.)
 *(.data*)
 .data          0x03000dc0        0x3 C:/devkitPro/libgba/lib\libgba.a(input.o)
 *(.gnu.linkonce.d*)
                0x03000dc4                        . = ALIGN (0x4)
 *fill*         0x03000dc3        0x1 ff
                0x08042e10                        __preinit_lma = (__data_lma + SIZEOF (.data))

.igot.plt       0x03000dc4        0x0 load address 0x08042e10
 .igot.plt      0x03000dc4        0x0 C:/devkitPro/devkitARM/bin/../lib/gcc/arm-none-eabi/16.1.0/../../../../arm-none-eabi/lib/thumb/gba_crt0.o

.preinit_array  0x03000dc4        0x0 load address 0x08042e10
                0x03000dc4                        __preinit_array_start = ABSOLUTE (.)
 *(.preinit_array)
                0x03000dc4                        __preinit_array_end = ABSOLUTE (.)
                0x08042e10                        __init_lma = (__preinit_lma + SIZEOF (.preinit_array))

.init_array     0x03000dc4        0x4 load address 0x08042e10
                0x03000dc4                        __init_array_start = ABSOLUTE (.)
 *(SORT_BY_NAME(.init_array.*))
 *(.init_array)
 .init_array    0x03000dc4        0x4 C:/devkitPro/devkitARM/bin/../lib/gcc/arm-none-eabi/16.1.0/thumb/crtbegin.o
                0x03000dc8                        __init_array_end = ABSOLUTE (.)
                0x08042e14                        __fini_lma = (__init_lma + SIZEOF (.init_array))

.fini_array     0x03000dc8        0x4 load address 0x08042e14
                0x03000dc8                        __fini_array_start = ABSOLUTE (.)
 *(SORT_BY_NAME(.fini_array.*))
 *(.fini_array)
 .fini_array    0x03000dc8        0x4 C:/devkitPro/devkitARM/bin/../lib/gcc/arm-none-eabi/16.1.0/thumb/crtbegin.o
                0x03000dcc                        __fini_array_end = ABSOLUTE (.)
                0x08042e18                        __jcr_lma = (__fini_lma + SIZEOF (.fini_array))

.jcr
 *(.jcr)
                0x03000dcc                        __data_end__ = ABSOLUTE (.)
                0x08042e18                        __iwram_overlay_lma = (__jcr_lma + SIZEOF (.jcr))
                0x03000dcc                        __iwram_overlay_start = .

.iwram0         0x03000dcc        0x0 load address 0x08042e18
 *(.iwram0)
                0x03000dcc                        . = ALIGN (0x4)
                0x08042e18                        PROVIDE (__load_start_iwram0 = LOADADDR (.iwram0))
                0x08042e18                        PROVIDE (__load_stop_iwram0 = (LOADADDR (.iwram0) + SIZEOF (.iwram0)))

.iwram1         0x03000dcc        0x0
 *(.iwram1)
                0x03000dcc                        . = ALIGN (0x4)
                [!provide]                        PROVIDE (__load_start_iwram1 = LOADADDR (.iwram1))
                [!provide]                        PROVIDE (__load_stop_iwram1 = (LOADADDR (.iwram1) + SIZEOF (.iwram1)))

.iwram2         0x03000dcc        0x0
 *(.iwram2)
                0x03000dcc                        . = ALIGN (0x4)
                [!provide]                        PROVIDE (__load_start_iwram2 = LOADADDR (.iwram2))
                [!provide]                        PROVIDE (__load_stop_iwram2 = (LOADADDR (.iwram2) + SIZEOF (.iwram2)))

.iwram3         0x03000dcc        0x0
 *(.iwram3)
                0x03000dcc                        . = ALIGN (0x4)
                [!provide]                        PROVIDE (__load_start_iwram3 = LOADADDR (.iwram3))
                [!provide]                        PROVIDE (__load_stop_iwram3 = (LOADADDR (.iwram3) + SIZEOF (.iwram3)))

.iwram4         0x03000dcc        0x0
 *(.iwram4)
                0x03000dcc                        . = ALIGN (0x4)
                [!provide]                        PROVIDE (__load_start_iwram4 = LOADADDR (.iwram4))
                [!provide]                        PROVIDE (__load_stop_iwram4 = (LOADADDR (.iwram4) + SIZEOF (.iwram4)))

.iwram5         0x03000dcc        0x0
 *(.iwram5)
                0x03000dcc                        . = ALIGN (0x4)
                [!provide]                        PROVIDE (__load_start_iwram5 = LOADADDR (.iwram5))
                [!provide]                        PROVIDE (__load_stop_iwram5 = (LOADADDR (.iwram5) + SIZEOF (.iwram5)))

.iwram6         0x03000dcc        0x0
 *(.iwram6)
                0x03000dcc                        . = ALIGN (0x4)
                [!provide]                        PROVIDE (__load_start_iwram6 = LOADADDR (.iwram6))
                [!provide]                        PROVIDE (__load_stop_iwram6 = (LOADADDR (.iwram6) + SIZEOF (.iwram6)))

.iwram7         0x03000dcc        0x0
 *(.iwram7)
                0x03000dcc                        . = ALIGN (0x4)
                [!provide]                        PROVIDE (__load_start_iwram7 = LOADADDR (.iwram7))
                [!provide]                        PROVIDE (__load_stop_iwram7 = (LOADADDR (.iwram7) + SIZEOF (.iwram7)))

.iwram8         0x03000dcc        0x0
 *(.iwram8)
                0x03000dcc                        . = ALIGN (0x4)
                [!provide]                        PROVIDE (__load_start_iwram8 = LOADADDR (.iwram8))
                [!provide]                        PROVIDE (__load_stop_iwram8 = (LOADADDR (.iwram8) + SIZEOF (.iwram8)))

.iwram9         0x03000dcc        0x0
 *(.iwram9)
                0x03000dcc                        . = ALIGN (0x4)
                [!provide]                        PROVIDE (__load_start_iwram9 = LOADADDR (.iwram9))
                [!provide]                        PROVIDE (__load_stop_iwram9 = (LOADADDR (.iwram9) + SIZEOF (.iwram9)))
                0x03000dcc                        __iwram_overlay_end = .
                0x08042e18                        __ewram_lma = (__iwram_overlay_lma + (__iwram_overlay_end - __iwram_overlay_start))
                0x03000dcc                        __iheap_start = .
                0x02000000                        __ewram_start = ORIGIN (ewram)

.ewram          0x02000000        0x0 load address 0x08042e18
 *(.ewram*)
                0x02000000                        . = ALIGN (0x4)
                0x02000000                        __ewram_end = ABSOLUTE (.)
                0x08042e18                        __pad_lma = (__ewram_lma + SIZEOF (.ewram))

.sbss           0x02000000        0x0
                0x02000000                        __sbss_start__ = ABSOLUTE (.)
 *(.sbss*)
                0x02000000                        . = ALIGN (0x4)
                0x02000000                        __sbss_end__ = ABSOLUTE (.)
                0x02000000                        __end__ = ABSOLUTE (.)
                0x02000000                        __eheap_start = ABSOLUTE (.)

.pad            0x02000000        0x8 load address 0x08042e18
                0x02000000        0x4 LONG 0x52416b64
                0x02000004        0x4 LONG 0x4d
                0x02000008                        . = ALIGN (0x4)
                0x08042e20                        __rom_end__ = (__pad_lma + SIZEOF (.pad))

.rel.dyn        0x02000008        0x0 load address 0x08042e20
 .rel.iplt      0x02000008        0x0 C:/devkitPro/devkitARM/bin/../lib/gcc/arm-none-eabi/16.1.0/../../../../arm-none-eabi/lib/thumb/gba_crt0.o

.stab
 *(.stab)

.stabstr
 *(.stabstr)

.stab.excl
 *(.stab.excl)

.stab.exclstr
 *(.stab.exclstr)

.stab.index
 *(.stab.index)

.stab.indexstr
 *(.stab.indexstr)

.comment        0x00000000       0x3b
 *(.comment)
 .comment       0x00000000       0x3b C:/devkitPro/devkitARM/bin/../lib/gcc/arm-none-eabi/16.1.0/thumb/crtbegin.o
                                 0x19 (size before relaxing)
 .comment       0x0000003b        0x0 build/main.o
                                 0x19 (size before relaxing)
 .comment       0x0000003b        0x0 C:/devkitPro/libgba/lib\libgba.a(input.o)
                                 0x24 (size before relaxing)
 .comment       0x0000003b        0x0 C:/devkitPro/libgba/lib\libgba.a(interrupt.o)
                                 0x24 (size before relaxing)
 .comment       0x0000003b        0x0 C:/devkitPro/devkitARM/bin/../lib/gcc/arm-none-eabi/16.1.0/thumb/crtend.o
                                 0x19 (size before relaxing)

.debug
 *(.debug)

.line
 *(.line)

.debug_srcinfo
 *(.debug_srcinfo)

.debug_sfnames
 *(.debug_sfnames)

.debug_aranges  0x00000000       0xe8
 *(.debug_aranges)
 .debug_aranges
                0x00000000       0x28 build/main.o
 .debug_aranges
                0x00000028       0x20 C:/devkitPro/libgba/lib\libgba.a(input.o)
 .debug_aranges
                0x00000048       0x20 C:/devkitPro/libgba/lib\libgba.a(interrupt.o)
 .debug_aranges
                0x00000068       0x20 C:/devkitPro/libgba/lib\libgba.a(InterruptDispatcher.o)
 .debug_aranges
                0x00000088       0x20 C:/devkitPro/devkitARM/bin/../lib/gcc/arm-none-eabi/16.1.0/thumb\libgcc.a(_udivsi3.o)
 .debug_aranges
                0x000000a8       0x20 C:/devkitPro/devkitARM/bin/../lib/gcc/arm-none-eabi/16.1.0/thumb\libgcc.a(_divsi3.o)
 .debug_aranges
                0x000000c8       0x20 C:/devkitPro/devkitARM/bin/../lib/gcc/arm-none-eabi/16.1.0/thumb\libgcc.a(_dvmd_tls.o)

.debug_pubnames
 *(.debug_pubnames)

.debug_info     0x00000000     0x12f9
 *(.debug_info)
 .debug_info    0x00000000      0xbbe build/main.o
 .debug_info    0x00000bbe      0x246 C:/devkitPro/libgba/lib\libgba.a(input.o)
 .debug_info    0x00000e04      0x418 C:/devkitPro/libgba/lib\libgba.a(interrupt.o)
 .debug_info    0x0000121c       0x25 C:/devkitPro/libgba/lib\libgba.a(InterruptDispatcher.o)
 .debug_info    0x00001241       0x3e C:/devkitPro/devkitARM/bin/../lib/gcc/arm-none-eabi/16.1.0/thumb\libgcc.a(_udivsi3.o)
 .debug_info    0x0000127f       0x3e C:/devkitPro/devkitARM/bin/../lib/gcc/arm-none-eabi/16.1.0/thumb\libgcc.a(_divsi3.o)
 .debug_info    0x000012bd       0x3c C:/devkitPro/devkitARM/bin/../lib/gcc/arm-none-eabi/16.1.0/thumb\libgcc.a(_dvmd_tls.o)

.debug_abbrev   0x00000000      0x7af
 *(.debug_abbrev)
 .debug_abbrev  0x00000000      0x3d9 build/main.o
 .debug_abbrev  0x000003d9      0x12d C:/devkitPro/libgba/lib\libgba.a(input.o)
 .debug_abbrev  0x00000506      0x21f C:/devkitPro/libgba/lib\libgba.a(interrupt.o)
 .debug_abbrev  0x00000725       0x14 C:/devkitPro/libgba/lib\libgba.a(InterruptDispatcher.o)
 .debug_abbrev  0x00000739       0x28 C:/devkitPro/devkitARM/bin/../lib/gcc/arm-none-eabi/16.1.0/thumb\libgcc.a(_udivsi3.o)
 .debug_abbrev  0x00000761       0x28 C:/devkitPro/devkitARM/bin/../lib/gcc/arm-none-eabi/16.1.0/thumb\libgcc.a(_divsi3.o)
 .debug_abbrev  0x00000789       0x26 C:/devkitPro/devkitARM/bin/../lib/gcc/arm-none-eabi/16.1.0/thumb\libgcc.a(_dvmd_tls.o)

.debug_line     0x00000000     0x1788
 *(.debug_line)
 .debug_line    0x00000000      0x9dd build/main.o
 .debug_line    0x000009dd      0x2bf C:/devkitPro/libgba/lib\libgba.a(input.o)
 .debug_line    0x00000c9c      0x950 C:/devkitPro/libgba/lib\libgba.a(interrupt.o)
 .debug_line    0x000015ec       0x78 C:/devkitPro/libgba/lib\libgba.a(InterruptDispatcher.o)
 .debug_line    0x00001664       0x67 C:/devkitPro/devkitARM/bin/../lib/gcc/arm-none-eabi/16.1.0/thumb\libgcc.a(_udivsi3.o)
 .debug_line    0x000016cb       0x73 C:/devkitPro/devkitARM/bin/../lib/gcc/arm-none-eabi/16.1.0/thumb\libgcc.a(_divsi3.o)
 .debug_line    0x0000173e       0x4a C:/devkitPro/devkitARM/bin/../lib/gcc/arm-none-eabi/16.1.0/thumb\libgcc.a(_dvmd_tls.o)

.debug_frame    0x00000000      0x270
 *(.debug_frame)
 .debug_frame   0x00000000      0x100 build/main.o
 .debug_frame   0x00000100       0x80 C:/devkitPro/libgba/lib\libgba.a(input.o)
 .debug_frame   0x00000180       0xb0 C:/devkitPro/libgba/lib\libgba.a(interrupt.o)
 .debug_frame   0x00000230       0x20 C:/devkitPro/devkitARM/bin/../lib/gcc/arm-none-eabi/16.1.0/thumb\libgcc.a(_udivsi3.o)
 .debug_frame   0x00000250       0x20 C:/devkitPro/devkitARM/bin/../lib/gcc/arm-none-eabi/16.1.0/thumb\libgcc.a(_divsi3.o)

.debug_str      0x00000000      0xa94
 *(.debug_str)
 .debug_str     0x00000000      0xa94 build/main.o
                                0x713 (size before relaxing)
 .debug_str     0x00000a94        0x0 C:/devkitPro/libgba/lib\libgba.a(input.o)
                                0x236 (size before relaxing)
 .debug_str     0x00000a94        0x0 C:/devkitPro/libgba/lib\libgba.a(interrupt.o)
                                0x334 (size before relaxing)
 .debug_str     0x00000a94        0x0 C:/devkitPro/libgba/lib\libgba.a(InterruptDispatcher.o)
                                 0xba (size before relaxing)
 .debug_str     0x00000a94        0x0 C:/devkitPro/devkitARM/bin/../lib/gcc/arm-none-eabi/16.1.0/thumb\libgcc.a(_udivsi3.o)
                                 0xf6 (size before relaxing)
 .debug_str     0x00000a94        0x0 C:/devkitPro/devkitARM/bin/../lib/gcc/arm-none-eabi/16.1.0/thumb\libgcc.a(_divsi3.o)
                                 0xf4 (size before relaxing)
 .debug_str     0x00000a94        0x0 C:/devkitPro/devkitARM/bin/../lib/gcc/arm-none-eabi/16.1.0/thumb\libgcc.a(_dvmd_tls.o)
                                 0xf7 (size before relaxing)

.debug_loc
 *(.debug_loc)

.debug_macinfo
 *(.debug_macinfo)

.debug_weaknames
 *(.debug_weaknames)

.debug_funcnames
 *(.debug_funcnames)

.debug_typenames
 *(.debug_typenames)

.debug_varnames
 *(.debug_varnames)

.stack          0x00080000        0x0
                0x00080000                        _stack = .
 *(.stack)

.note.gnu.arm.ident
 *(.note.gnu.arm.ident)

.ARM.attributes
                0x00000000       0x2c
 *(.ARM.attributes)
 .ARM.attributes
                0x00000000       0x20 C:/devkitPro/devkitARM/bin/../lib/gcc/arm-none-eabi/16.1.0/../../../../arm-none-eabi/lib/thumb/gba_crt0.o
 .ARM.attributes
                0x00000020       0x1c C:/devkitPro/devkitARM/bin/../lib/gcc/arm-none-eabi/16.1.0/thumb/crti.o
 .ARM.attributes
                0x0000003c       0x2a C:/devkitPro/devkitARM/bin/../lib/gcc/arm-none-eabi/16.1.0/thumb/crtbegin.o
 .ARM.attributes
                0x00000066       0x26 build/main.o
 .ARM.attributes
                0x0000008c       0x14 build/BIGJUMP.o
 .ARM.attributes
                0x000000a0       0x14 build/Hat.o
 .ARM.attributes
                0x000000b4       0x14 build/death.o
 .ARM.attributes
                0x000000c8       0x14 build/jump.o
 .ARM.attributes
                0x000000dc       0x14 build/ingame.img.o
 .ARM.attributes
                0x000000f0       0x14 build/ingame.pal.o
 .ARM.attributes
                0x00000104       0x2a C:/devkitPro/libgba/lib\libgba.a(input.o)
 .ARM.attributes
                0x0000012e       0x2a C:/devkitPro/libgba/lib\libgba.a(interrupt.o)
 .ARM.attributes
                0x00000158       0x1a C:/devkitPro/libgba/lib\libgba.a(InterruptDispatcher.o)
 .ARM.attributes
                0x00000172       0x1c C:/devkitPro/devkitARM/bin/../lib/gcc/arm-none-eabi/16.1.0/thumb\libgcc.a(_udivsi3.o)
 .ARM.attributes
                0x0000018e       0x1c C:/devkitPro/devkitARM/bin/../lib/gcc/arm-none-eabi/16.1.0/thumb\libgcc.a(_divsi3.o)
 .ARM.attributes
                0x000001aa       0x1c C:/devkitPro/devkitARM/bin/../lib/gcc/arm-none-eabi/16.1.0/thumb\libgcc.a(_dvmd_tls.o)
 .ARM.attributes
                0x000001c6       0x1c C:/devkitPro/devkitARM/bin/../lib/gcc/arm-none-eabi/16.1.0/thumb\libgcc.a(_sync_none.o)
 .ARM.attributes
                0x000001e2       0x2a C:/devkitPro/devkitARM/bin/../lib/gcc/arm-none-eabi/16.1.0/../../../../arm-none-eabi/lib/thumb\libc.a(libc_a-init.o)
 .ARM.attributes
                0x0000020c       0x2a C:/devkitPro/devkitARM/bin/../lib/gcc/arm-none-eabi/16.1.0/../../../../arm-none-eabi/lib/thumb\libsysbase.a(libsysbase_libsysbase_a-malloc_vars.o)
 .ARM.attributes
                0x00000236       0x2a C:/devkitPro/devkitARM/bin/../lib/gcc/arm-none-eabi/16.1.0/thumb/crtend.o
 .ARM.attributes
                0x00000260       0x1c C:/devkitPro/devkitARM/bin/../lib/gcc/arm-none-eabi/16.1.0/thumb/crtn.o

/DISCARD/
 *(.note.GNU-stack)
LOAD C:/devkitPro/devkitARM/bin/../lib/gcc/arm-none-eabi/16.1.0/../../../../arm-none-eabi/lib/thumb/gba_crt0.o
LOAD C:/devkitPro/devkitARM/bin/../lib/gcc/arm-none-eabi/16.1.0/thumb/crti.o
LOAD C:/devkitPro/devkitARM/bin/../lib/gcc/arm-none-eabi/16.1.0/thumb/crtbegin.o
LOAD build/main.o
LOAD build/BIGJUMP.o
LOAD build/Hat.o
LOAD build/death.o
LOAD build/jump.o
LOAD build/ingame.img.o
LOAD build/ingame.pal.o
LOAD C:/devkitPro/libgba/lib\libgba.a
START GROUP
LOAD C:/devkitPro/devkitARM/bin/../lib/gcc/arm-none-eabi/16.1.0/thumb\libgcc.a
LOAD C:/devkitPro/devkitARM/bin/../lib/gcc/arm-none-eabi/16.1.0/../../../../arm-none-eabi/lib/thumb\libc.a
LOAD C:/devkitPro/devkitARM/bin/../lib/gcc/arm-none-eabi/16.1.0/../../../../arm-none-eabi/lib/thumb\libsysbase.a
END GROUP
LOAD C:/devkitPro/devkitARM/bin/../lib/gcc/arm-none-eabi/16.1.0/thumb/crtend.o
LOAD C:/devkitPro/devkitARM/bin/../lib/gcc/arm-none-eabi/16.1.0/thumb/crtn.o
OUTPUT(whirlybird.elf elf32-littlearm)
LOAD linker stubs

.debug_loclists
                0x00000000      0x836
 .debug_loclists
                0x00000000      0x4f7 build/main.o
 .debug_loclists
                0x000004f7       0x4b C:/devkitPro/libgba/lib\libgba.a(input.o)
 .debug_loclists
                0x00000542      0x2f4 C:/devkitPro/libgba/lib\libgba.a(interrupt.o)

.debug_rnglists
                0x00000000      0x116
 .debug_rnglists
                0x00000000       0xd3 build/main.o
 .debug_rnglists
                0x000000d3       0x43 C:/devkitPro/libgba/lib\libgba.a(interrupt.o)

.debug_line_str
                0x00000000      0x17b
 .debug_line_str
                0x00000000      0x17b C:/devkitPro/libgba/lib\libgba.a(InterruptDispatcher.o)
                                 0xae (size before relaxing)
 .debug_line_str
                0x0000017b        0x0 C:/devkitPro/devkitARM/bin/../lib/gcc/arm-none-eabi/16.1.0/thumb\libgcc.a(_udivsi3.o)
                                 0xcd (size before relaxing)
 .debug_line_str
                0x0000017b        0x0 C:/devkitPro/devkitARM/bin/../lib/gcc/arm-none-eabi/16.1.0/thumb\libgcc.a(_divsi3.o)
                                 0xcd (size before relaxing)
 .debug_line_str
                0x0000017b        0x0 C:/devkitPro/devkitARM/bin/../lib/gcc/arm-none-eabi/16.1.0/thumb\libgcc.a(_dvmd_tls.o)
                                 0xcd (size before relaxing)
